[10:15:04] ==== 配置 ====
[10:15:04] OUTPUT_DIR: D:\dev\GitHub\project\pro_spiderdemo\output\jxsnynct-bcyb
[10:15:04] total=4093, total_pages=273
[10:15:05] 第 1 页 15 条
[10:15:06] ==== 完成 ====
[10:15:06] 成功写入: 0
[10:15:06] 失败清单: D:\dev\GitHub\project\pro_spiderdemo\output\jxsnynct-bcyb\failed.json
[10:15:34] ==== 配置 ====
[10:15:34] OUTPUT_DIR: D:\dev\GitHub\project\pro_spiderdemo\output\jxsnynct-bcyb
[10:15:35] total=4093, total_pages=273
[10:15:35] 第 1 页 15 条
[10:15:38] ==== 完成 ====
[10:15:38] 成功写入: 5
[10:15:38] 失败清单: D:\dev\GitHub\project\pro_spiderdemo\output\jxsnynct-bcyb\failed.json
[10:15:51] ==== 配置 ====
[10:15:51] OUTPUT_DIR: D:\dev\GitHub\project\pro_spiderdemo\output\jxsnynct-bcyb
[10:15:51] total=4093, total_pages=273
[10:15:52] 第 1 页 15 条
[10:15:53] ==== 完成 ====
[10:15:53] 成功写入: 10
[10:15:53] 失败清单: D:\dev\GitHub\project\pro_spiderdemo\output\jxsnynct-bcyb\failed.json
[10:16:19] ==== 配置 ====
[10:16:19] OUTPUT_DIR: D:\dev\GitHub\project\pro_spiderdemo\output\jxsnynct-bcyb
[10:16:19] total=4093, total_pages=273
[10:16:20] 第 1 页 15 条
[10:16:22] ==== 完成 ====
[10:16:22] 成功写入: 10
[10:16:22] 失败清单: D:\dev\GitHub\project\pro_spiderdemo\output\jxsnynct-bcyb\failed.json
[10:16:30] ==== 配置 ====
[10:16:30] OUTPUT_DIR: D:\dev\GitHub\project\pro_spiderdemo\output\jxsnynct-bcyb
[10:16:31] total=4093, total_pages=273
[10:16:31] 第 1 页 15 条
[10:16:33] 第 2 页 15 条
[10:16:33] 已写入 25 / 50
[10:16:35] 第 3 页 15 条
[10:16:37] 第 4 页 15 条
[10:16:37] 已写入 50 / 50
[10:16:39] ==== 完成 ====
[10:16:39] 成功写入: 50
[10:16:39] 失败清单: D:\dev\GitHub\project\pro_spiderdemo\output\jxsnynct-bcyb\failed.json
[10:17:02] ==== 配置 ====
[10:17:02] OUTPUT_DIR: D:\dev\GitHub\project\pro_spiderdemo\output\jxsnynct-bcyb
[10:17:03] total=4093, total_pages=273
[10:17:03] 第 1 页 15 条
[10:17:05] 第 2 页 15 条
[10:17:05] 已写入 25 / 4093
[10:17:08] 第 3 页 15 条
[10:17:11] 第 4 页 15 条
[10:17:11] 已写入 50 / 4093
[10:17:13] 第 5 页 15 条
[10:17:13] 已写入 75 / 4093
[10:17:15] 第 6 页 15 条
[10:17:17] 第 7 页 15 条
[10:17:17] 已写入 100 / 4093
[10:17:23] 第 8 页 15 条
[10:17:29] 第 9 页 15 条
[10:17:29] 已写入 125 / 4093
[10:17:32] 第 10 页 15 条
[10:17:32] 已写入 150 / 4093
[10:17:34] 第 11 页 15 条
[10:17:36] 第 12 页 15 条
[10:17:36] 已写入 175 / 4093
[10:17:38] 第 13 页 15 条
[10:17:40] 第 14 页 15 条
[10:17:40] 已写入 200 / 4093
[10:17:43] 第 15 页 15 条
[10:17:43] 已写入 225 / 4093
[10:17:46] 第 16 页 15 条
[10:17:48] 第 17 页 15 条
[10:17:48] 已写入 250 / 4093
[10:17:50] 第 18 页 15 条
[10:17:52] 第 19 页 15 条
[10:17:52] 已写入 275 / 4093
[10:17:54] 第 20 页 15 条
[10:17:55] 已写入 300 / 4093
[10:17:56] 第 21 页 15 条
[10:17:58] 第 22 页 15 条
[10:17:58] 已写入 325 / 4093
[10:18:06] 第 23 页 15 条
[10:18:08] 第 24 页 15 条
[10:18:09] 已写入 350 / 4093
[10:18:10] 第 25 页 15 条
[10:18:10] 已写入 375 / 4093
[10:18:12] 第 26 页 15 条
[10:18:15] 第 27 页 15 条
[10:18:15] 已写入 400 / 4093
[10:18:18] 第 28 页 15 条
[10:18:19] 第 29 页 15 条
[10:18:20] 已写入 425 / 4093
[10:18:22] 第 30 页 15 条
[10:18:22] 已写入 450 / 4093
[10:18:25] 第 31 页 15 条
[10:18:28] 第 32 页 15 条
[10:18:28] 已写入 475 / 4093
[10:18:30] 第 33 页 15 条
[10:18:33] 第 34 页 15 条
[10:18:33] 已写入 500 / 4093
[10:18:35] 第 35 页 15 条
[10:18:35] 已写入 525 / 4093
[10:18:38] 第 36 页 15 条
[10:18:40] 第 37 页 15 条
[10:18:40] 已写入 550 / 4093
[10:18:42] 第 38 页 15 条
[10:18:45] 第 39 页 15 条
[10:18:45] 已写入 575 / 4093
[10:18:46] 第 40 页 15 条
[10:18:46] 已写入 600 / 4093
[10:18:48] 第 41 页 15 条
[10:18:50] 第 42 页 15 条
[10:18:50] 已写入 625 / 4093
[10:18:52] 第 43 页 15 条
[10:18:58] 第 44 页 15 条
[10:18:58] 已写入 650 / 4093
[10:19:00] 第 45 页 15 条
[10:19:00] 已写入 675 / 4093
[10:19:03] 第 46 页 15 条
[10:19:05] 第 47 页 15 条
[10:19:05] 已写入 700 / 4093
[10:19:08] 第 48 页 15 条
[10:19:09] 第 49 页 15 条
[10:19:09] 已写入 725 / 4093
[10:19:11] 第 50 页 15 条
[10:19:11] 已写入 750 / 4093
[10:19:13] 第 51 页 15 条
[10:19:14] 第 52 页 15 条
[10:19:14] 已写入 775 / 4093
[10:19:17] 第 53 页 15 条
[10:19:19] 第 54 页 15 条
[10:19:19] 已写入 800 / 4093
[10:19:21] 第 55 页 15 条
[10:19:21] 已写入 825 / 4093
[10:19:24] 第 56 页 15 条
[10:19:26] 第 57 页 15 条
[10:19:26] 已写入 850 / 4093
[10:19:28] 第 58 页 15 条
[10:19:30] 第 59 页 15 条
[10:19:30] 已写入 875 / 4093
[10:19:32] 第 60 页 15 条
[10:19:32] 已写入 900 / 4093
[10:19:35] 第 61 页 15 条
[10:19:37] 第 62 页 15 条
[10:19:37] 已写入 925 / 4093
[10:19:39] 第 63 页 15 条
[10:19:41] 第 64 页 15 条
[10:19:41] 已写入 950 / 4093
[10:19:43] 第 65 页 15 条
[10:19:43] 已写入 975 / 4093
[10:19:45] 第 66 页 15 条
[10:19:47] 第 67 页 15 条
[10:19:47] 已写入 1000 / 4093
[10:19:49] 第 68 页 15 条
[10:19:51] 第 69 页 15 条
[10:19:51] 已写入 1025 / 4093
[10:19:53] 第 70 页 15 条
[10:19:53] 已写入 1050 / 4093
[10:19:55] 第 71 页 15 条
[10:19:57] 第 72 页 15 条
[10:19:57] 已写入 1075 / 4093
[10:20:00] 第 73 页 15 条
[10:20:02] 第 74 页 15 条
[10:20:02] 已写入 1100 / 4093
[10:20:04] 第 75 页 15 条
[10:20:04] 已写入 1125 / 4093
[10:20:06] 第 76 页 15 条
[10:20:09] 第 77 页 15 条
[10:20:09] 已写入 1150 / 4093
[10:20:10] 第 78 页 15 条
[10:20:12] 第 79 页 15 条
[10:20:12] 已写入 1175 / 4093
[10:20:15] 第 80 页 15 条
[10:20:15] 已写入 1200 / 4093
[10:20:17] 第 81 页 15 条
[10:20:20] 第 82 页 15 条
[10:20:20] 已写入 1225 / 4093
[10:20:22] 第 83 页 15 条
[10:20:24] 第 84 页 15 条
[10:20:24] 已写入 1250 / 4093
[10:20:25] 第 85 页 15 条
[10:20:25] 已写入 1275 / 4093
[10:20:28] 第 86 页 15 条
[10:20:31] 第 87 页 15 条
[10:20:31] 已写入 1300 / 4093
[10:20:32] 第 88 页 15 条
[10:20:35] 第 89 页 15 条
[10:20:35] 已写入 1325 / 4093
[10:20:37] 第 90 页 15 条
[10:20:37] 已写入 1350 / 4093
[10:20:39] 第 91 页 15 条
[10:20:41] 第 92 页 15 条
[10:20:41] 已写入 1375 / 4093
[10:20:43] 第 93 页 15 条
[10:20:45] 第 94 页 15 条
[10:20:45] 已写入 1400 / 4093
[10:20:47] 第 95 页 15 条
[10:20:47] 已写入 1425 / 4093
[10:20:49] 第 96 页 15 条
[10:20:51] 第 97 页 15 条
[10:20:51] 已写入 1450 / 4093
[10:20:52] 第 98 页 15 条
[10:20:54] 第 99 页 15 条
[10:20:54] 已写入 1475 / 4093
[10:20:56] 第 100 页 15 条
[10:20:57] 已写入 1500 / 4093
[10:20:58] 第 101 页 15 条
[10:21:00] 第 102 页 15 条
[10:21:00] 已写入 1525 / 4093
[10:21:02] 第 103 页 15 条
[10:21:04] 第 104 页 15 条
[10:21:04] 已写入 1550 / 4093
[10:21:06] 第 105 页 15 条
[10:21:06] 已写入 1575 / 4093
[10:21:08] 第 106 页 15 条
[10:21:10] 第 107 页 15 条
[10:21:10] 已写入 1600 / 4093
[10:21:12] 第 108 页 15 条
[10:21:13] 第 109 页 15 条
[10:21:13] 已写入 1625 / 4093
[10:21:15] 第 110 页 15 条
[10:21:15] 已写入 1650 / 4093
[10:21:18] 第 111 页 15 条
[10:21:20] 第 112 页 15 条
[10:21:20] 已写入 1675 / 4093
[10:21:23] 第 113 页 15 条
[10:21:25] 第 114 页 15 条
[10:21:25] 已写入 1700 / 4093
[10:21:27] 第 115 页 15 条
[10:21:27] 已写入 1725 / 4093
[10:21:28] 第 116 页 15 条
[10:21:30] 第 117 页 15 条
[10:21:30] 已写入 1750 / 4093
[10:21:32] 第 118 页 15 条
[10:21:33] 第 119 页 15 条
[10:21:33] 已写入 1775 / 4093
[10:21:36] 第 120 页 15 条
[10:21:36] 已写入 1800 / 4093
[10:21:38] 第 121 页 15 条
[10:21:39] 第 122 页 15 条
[10:21:39] 已写入 1825 / 4093
[10:21:41] 第 123 页 15 条
[10:21:43] 第 124 页 15 条
[10:21:43] 已写入 1850 / 4093
[10:21:45] 第 125 页 15 条
[10:21:45] 已写入 1875 / 4093
[10:21:48] 第 126 页 15 条
[10:21:50] 第 127 页 15 条
[10:21:50] 已写入 1900 / 4093
[10:21:52] 第 128 页 15 条
[10:21:54] 第 129 页 15 条
[10:21:54] 已写入 1925 / 4093
[10:21:56] 第 130 页 15 条
[10:21:56] 已写入 1950 / 4093
[10:21:58] 第 131 页 15 条
[10:22:00] 第 132 页 15 条
[10:22:00] 已写入 1975 / 4093
[10:22:03] 第 133 页 15 条
[10:22:05] 第 134 页 15 条
[10:22:05] 已写入 2000 / 4093
[10:22:07] 第 135 页 15 条
[10:22:07] 已写入 2025 / 4093
[10:22:08] 第 136 页 15 条
[10:22:11] 第 137 页 15 条
[10:22:11] 已写入 2050 / 4093
[10:22:14] 第 138 页 15 条
[10:22:16] 第 139 页 15 条
[10:22:16] 已写入 2075 / 4093
[10:22:19] 第 140 页 15 条
[10:22:19] 已写入 2100 / 4093
[10:22:21] 第 141 页 15 条
[10:22:23] 第 142 页 15 条
[10:22:23] 已写入 2125 / 4093
[10:22:25] 第 143 页 15 条
[10:22:27] 第 144 页 15 条
[10:22:27] 已写入 2150 / 4093
[10:22:29] 第 145 页 15 条
[10:22:29] 已写入 2175 / 4093
[10:22:30] 第 146 页 15 条
[10:22:32] 第 147 页 15 条
[10:22:32] 已写入 2200 / 4093
[10:22:34] 第 148 页 15 条
[10:22:36] 第 149 页 15 条
[10:22:36] 已写入 2225 / 4093
[10:22:38] 第 150 页 15 条
[10:22:38] 已写入 2250 / 4093
[10:22:41] 第 151 页 15 条
[10:22:43] 第 152 页 15 条
[10:22:43] 已写入 2275 / 4093
[10:22:46] 第 153 页 15 条
[10:22:48] 第 154 页 15 条
[10:22:48] 已写入 2300 / 4093
[10:22:49] 第 155 页 15 条
[10:22:49] 已写入 2325 / 4093
[10:22:52] 第 156 页 15 条
[10:22:54] 第 157 页 15 条
[10:22:54] 已写入 2350 / 4093
[10:22:55] 第 158 页 15 条
[10:22:57] 第 159 页 15 条
[10:22:57] 已写入 2375 / 4093
[10:22:59] 第 160 页 15 条
[10:22:59] 已写入 2400 / 4093
[10:23:01] 第 161 页 15 条
[10:23:03] 第 162 页 15 条
[10:23:03] 已写入 2425 / 4093
[10:23:04] 第 163 页 15 条
[10:23:06] 第 164 页 15 条
[10:23:06] 已写入 2450 / 4093
[10:23:09] 第 165 页 15 条
[10:23:09] 已写入 2475 / 4093
[10:23:11] 第 166 页 15 条
[10:23:13] 第 167 页 15 条
[10:23:13] 已写入 2500 / 4093
[10:23:16] 第 168 页 15 条
[10:23:18] 第 169 页 15 条
[10:23:18] 已写入 2525 / 4093
[10:23:20] 第 170 页 15 条
[10:23:20] 已写入 2550 / 4093
[10:23:22] 第 171 页 15 条
[10:23:25] 第 172 页 15 条
[10:23:25] 已写入 2575 / 4093
[10:23:27] 第 173 页 15 条
[10:23:29] 第 174 页 15 条
[10:23:29] 已写入 2600 / 4093
[10:23:31] 第 175 页 15 条
[10:23:31] 已写入 2625 / 4093
[10:23:34] 第 176 页 15 条
[10:23:35] 第 177 页 15 条
[10:23:35] 已写入 2650 / 4093
[10:23:37] 第 178 页 15 条
[10:23:39] 第 179 页 15 条
[10:23:39] 已写入 2675 / 4093
[10:23:41] 第 180 页 15 条
[10:23:41] 已写入 2700 / 4093
[10:23:44] 第 181 页 15 条
[10:23:46] 第 182 页 15 条
[10:23:46] 已写入 2725 / 4093
[10:23:48] 第 183 页 15 条
[10:23:51] 第 184 页 15 条
[10:23:51] 已写入 2750 / 4093
[10:23:53] 第 185 页 15 条
[10:23:53] 已写入 2775 / 4093
[10:23:55] 第 186 页 15 条
[10:23:58] 第 187 页 15 条
[10:23:58] 已写入 2800 / 4093
[10:24:12] 第 188 页 15 条
[10:24:14] 第 189 页 15 条
[10:24:14] 已写入 2825 / 4093
[10:24:16] 第 190 页 15 条
[10:24:16] 已写入 2850 / 4093
[10:24:18] 第 191 页 15 条
[10:24:21] 第 192 页 15 条
[10:24:21] 已写入 2875 / 4093
[10:24:22] 第 193 页 15 条
[10:24:24] 第 194 页 15 条
[10:24:24] 已写入 2900 / 4093
[10:24:26] 第 195 页 15 条
[10:24:26] 已写入 2925 / 4093
[10:24:28] 第 196 页 15 条
[10:24:30] 第 197 页 15 条
[10:24:30] 已写入 2950 / 4093
[10:24:33] 第 198 页 15 条
[10:24:34] 第 199 页 15 条
[10:24:34] 已写入 2975 / 4093
[10:24:46] 第 200 页 15 条
[10:24:46] 已写入 3000 / 4093
[10:24:47] 第 201 页 15 条
[10:24:49] 第 202 页 15 条
[10:24:49] 已写入 3025 / 4093
[10:24:51] 第 203 页 15 条
[10:24:53] 第 204 页 15 条
[10:24:53] 已写入 3050 / 4093
[10:24:54] 第 205 页 15 条
[10:24:54] 已写入 3075 / 4093
[10:24:56] 第 206 页 15 条
[10:24:59] 第 207 页 15 条
[10:24:59] 已写入 3100 / 4093
[10:25:00] 第 208 页 15 条
[10:25:03] 第 209 页 15 条
[10:25:03] 已写入 3125 / 4093
[10:25:06] 第 210 页 15 条
[10:25:06] 已写入 3150 / 4093
[10:25:08] 第 211 页 15 条
[10:25:10] 第 212 页 15 条
[10:25:10] 已写入 3175 / 4093
[10:25:12] 第 213 页 15 条
[10:25:15] 第 214 页 15 条
[10:25:15] 已写入 3200 / 4093
[10:25:22] 第 215 页 15 条
[10:25:22] 已写入 3225 / 4093
[10:25:23] 第 216 页 15 条
[10:25:27] 第 217 页 15 条
[10:25:27] 已写入 3250 / 4093
[10:25:28] 第 218 页 15 条
[10:25:30] 第 219 页 15 条
[10:25:30] 已写入 3275 / 4093
[10:25:32] 第 220 页 15 条
[10:25:32] 已写入 3300 / 4093
[10:25:34] 第 221 页 15 条
[10:25:35] 第 222 页 15 条
[10:25:35] 已写入 3325 / 4093
[10:25:37] 第 223 页 15 条
[10:25:40] 第 224 页 15 条
[10:25:40] 已写入 3350 / 4093
[10:25:41] 第 225 页 15 条
[10:25:42] 已写入 3375 / 4093
[10:25:43] 第 226 页 15 条
[10:25:45] 第 227 页 15 条
[10:25:45] 已写入 3400 / 4093
[10:25:47] 第 228 页 15 条
[10:25:49] 第 229 页 15 条
[10:25:50] 已写入 3425 / 4093
[10:25:52] 第 230 页 15 条
[10:25:52] 已写入 3450 / 4093
[10:25:53] 第 231 页 15 条
[10:25:55] 第 232 页 15 条
[10:25:55] 已写入 3475 / 4093
[10:25:57] 第 233 页 15 条
[10:26:00] 第 234 页 15 条
[10:26:00] 已写入 3500 / 4093
[10:26:02] 第 235 页 15 条
[10:26:02] 已写入 3525 / 4093
[10:26:03] 第 236 页 15 条
[10:26:06] 第 237 页 15 条
[10:26:06] 已写入 3550 / 4093
[10:26:08] 第 238 页 15 条
[10:26:10] 第 239 页 15 条
[10:26:10] 已写入 3575 / 4093
[10:26:12] 第 240 页 15 条
[10:26:12] 已写入 3600 / 4093
[10:26:15] 第 241 页 15 条
[10:26:16] 第 242 页 15 条
[10:26:16] 已写入 3625 / 4093
[10:26:18] 第 243 页 15 条
[10:26:20] 第 244 页 15 条
[10:26:20] 已写入 3650 / 4093
[10:26:22] 第 245 页 15 条
[10:26:22] 已写入 3675 / 4093
[10:26:24] 第 246 页 15 条
[10:26:26] 第 247 页 15 条
[10:26:26] 已写入 3700 / 4093
[10:26:29] 第 248 页 15 条
[10:26:31] 第 249 页 15 条
[10:26:31] 已写入 3725 / 4093
[10:26:32] 第 250 页 15 条
[10:26:32] 已写入 3750 / 4093
[10:26:33] 第 251 页 15 条
[10:26:35] 第 252 页 15 条
[10:26:36] 已写入 3775 / 4093
[10:26:37] 第 253 页 15 条
[10:26:39] 第 254 页 15 条
[10:26:39] 已写入 3800 / 4093
[10:26:41] 第 255 页 15 条
[10:26:41] 已写入 3825 / 4093
[10:26:43] 第 256 页 15 条
[10:26:45] 第 257 页 15 条
[10:26:45] 已写入 3850 / 4093
[10:26:47] 第 258 页 15 条
[10:26:49] 第 259 页 15 条
[10:26:49] 已写入 3875 / 4093
[10:26:51] 第 260 页 15 条
[10:26:51] 已写入 3900 / 4093
[10:26:53] 第 261 页 15 条
[10:26:55] 第 262 页 15 条
[10:26:55] 已写入 3925 / 4093
[10:26:56] 第 263 页 15 条
[10:26:59] 第 264 页 15 条
[10:26:59] 已写入 3950 / 4093
[10:27:01] 第 265 页 15 条
[10:27:01] 已写入 3975 / 4093
[10:27:04] 第 266 页 15 条
[10:27:06] 第 267 页 15 条
[10:27:06] 已写入 4000 / 4093
[10:27:08] 第 268 页 15 条
[10:27:11] 第 269 页 15 条
[10:27:11] 已写入 4025 / 4093
[10:27:13] 第 270 页 15 条
[10:27:13] 已写入 4050 / 4093
[10:27:14] 第 271 页 15 条
[10:27:17] 第 272 页 15 条
[10:27:17] 已写入 4075 / 4093
[10:27:20] 第 273 页 13 条
[10:27:22] ==== 完成 ====
[10:27:22] 成功写入: 4093
[10:27:22] 失败清单: D:\dev\GitHub\project\pro_spiderdemo\output\jxsnynct-bcyb\failed.json
