[10:55:56] ==== 配置 ====
[10:55:56] OUTPUT_DIR: D:\dev\GitHub\project\pro_spiderdemo\output\jxsnynct-fzjz
[10:55:56] UNITID: 1821717000426962944, total hint: 3698
[10:55:58] total=3698, total_pages=247
[10:55:58] 第 1 页 15 条
[10:56:00] 第 2 页 15 条
[10:56:00] 已写入 25 / 3698
[10:56:02] 第 3 页 15 条
[10:56:05] 第 4 页 15 条
[10:56:05] 已写入 50 / 3698
[10:56:07] 第 5 页 15 条
[10:56:07] 已写入 75 / 3698
[10:56:08] 第 6 页 15 条
[10:56:11] 第 7 页 15 条
[10:56:11] 已写入 100 / 3698
[10:56:13] 第 8 页 15 条
[10:56:15] 第 9 页 15 条
[10:56:15] 已写入 125 / 3698
[10:56:16] 第 10 页 15 条
[10:56:16] 已写入 150 / 3698
[10:56:19] 第 11 页 15 条
[10:56:22] 第 12 页 15 条
[10:56:22] 已写入 175 / 3698
[10:56:24] 第 13 页 15 条
[10:56:26] 第 14 页 15 条
[10:56:26] 已写入 200 / 3698
[10:56:28] 第 15 页 15 条
[10:56:28] 已写入 225 / 3698
[10:56:31] 第 16 页 15 条
[10:56:33] 第 17 页 15 条
[10:56:33] 已写入 250 / 3698
[10:56:34] 第 18 页 15 条
[10:56:36] 第 19 页 15 条
[10:56:36] 已写入 275 / 3698
[10:56:38] 第 20 页 15 条
[10:56:38] 已写入 300 / 3698
[10:56:40] 第 21 页 15 条
[10:56:41] 第 22 页 15 条
[10:56:41] 已写入 325 / 3698
[10:56:43] 第 23 页 15 条
[10:56:46] 第 24 页 15 条
[10:56:46] 已写入 350 / 3698
[10:56:48] 第 25 页 15 条
[10:56:48] 已写入 375 / 3698
[10:56:51] 第 26 页 15 条
[10:56:52] 第 27 页 15 条
[10:56:53] 已写入 400 / 3698
[10:56:54] 第 28 页 15 条
[10:56:55] 第 29 页 15 条
[10:56:55] 已写入 425 / 3698
[10:56:57] 第 30 页 15 条
[10:56:57] 已写入 450 / 3698
[10:56:58] 第 31 页 15 条
[10:57:01] 第 32 页 15 条
[10:57:01] 已写入 475 / 3698
[10:57:03] 第 33 页 15 条
[10:57:06] 第 34 页 15 条
[10:57:06] 已写入 500 / 3698
[10:57:07] 第 35 页 15 条
[10:57:07] 已写入 525 / 3698
[10:57:08] 第 36 页 15 条
[10:57:11] 第 37 页 15 条
[10:57:11] 已写入 550 / 3698
[10:57:13] 第 38 页 15 条
[10:57:15] 第 39 页 15 条
[10:57:15] 已写入 575 / 3698
[10:57:17] 第 40 页 15 条
[10:57:17] 已写入 600 / 3698
[10:57:20] 第 41 页 15 条
[10:57:22] 第 42 页 15 条
[10:57:22] 已写入 625 / 3698
[10:57:24] 第 43 页 15 条
[10:57:27] 第 44 页 15 条
[10:57:27] 已写入 650 / 3698
[10:57:29] 第 45 页 15 条
[10:57:29] 已写入 675 / 3698
[10:57:30] 第 46 页 15 条
[10:57:32] 第 47 页 15 条
[10:57:32] 已写入 700 / 3698
[10:57:34] 第 48 页 15 条
[10:57:36] 第 49 页 15 条
[10:57:36] 已写入 725 / 3698
[10:57:37] 第 50 页 15 条
[10:57:37] 已写入 750 / 3698
[10:57:39] 第 51 页 15 条
[10:57:41] 第 52 页 15 条
[10:57:41] 已写入 775 / 3698
[10:57:43] 第 53 页 15 条
[10:57:45] 第 54 页 15 条
[10:57:45] 已写入 800 / 3698
[10:57:46] 第 55 页 15 条
[10:57:46] 已写入 825 / 3698
[10:57:49] 第 56 页 15 条
[10:57:50] 第 57 页 15 条
[10:57:50] 已写入 850 / 3698
[10:57:52] 第 58 页 15 条
[10:57:54] 第 59 页 15 条
[10:57:54] 已写入 875 / 3698
[10:57:56] 第 60 页 15 条
[10:57:56] 已写入 900 / 3698
[10:57:59] 第 61 页 15 条
[10:58:00] 第 62 页 15 条
[10:58:00] 已写入 925 / 3698
[10:58:03] 第 63 页 15 条
[10:58:05] 第 64 页 15 条
[10:58:05] 已写入 950 / 3698
[10:58:08] 第 65 页 15 条
[10:58:08] 已写入 975 / 3698
[10:58:10] 第 66 页 15 条
[10:58:12] 第 67 页 15 条
[10:58:12] 已写入 1000 / 3698
[10:58:14] 第 68 页 15 条
[10:58:16] 第 69 页 15 条
[10:58:16] 已写入 1025 / 3698
[10:58:18] 第 70 页 15 条
[10:58:18] 已写入 1050 / 3698
[10:58:20] 第 71 页 15 条
[10:58:22] 第 72 页 15 条
[10:58:22] 已写入 1075 / 3698
[10:58:24] 第 73 页 15 条
[10:58:26] 第 74 页 15 条
[10:58:26] 已写入 1100 / 3698
[10:58:28] 第 75 页 15 条
[10:58:28] 已写入 1125 / 3698
[10:58:30] 第 76 页 15 条
[10:58:31] 第 77 页 15 条
[10:58:31] 已写入 1150 / 3698
[10:58:33] 第 78 页 15 条
[10:58:34] 第 79 页 15 条
[10:58:34] 已写入 1175 / 3698
[10:58:36] 第 80 页 15 条
[10:58:36] 已写入 1200 / 3698
[10:58:38] 第 81 页 15 条
[10:58:40] 第 82 页 15 条
[10:58:40] 已写入 1225 / 3698
[10:58:42] 第 83 页 15 条
[10:58:45] 第 84 页 15 条
[10:58:45] 已写入 1250 / 3698
[10:58:47] 第 85 页 15 条
[10:58:47] 已写入 1275 / 3698
[10:58:49] 第 86 页 15 条
[10:58:51] 第 87 页 15 条
[10:58:51] 已写入 1300 / 3698
[10:58:53] 第 88 页 15 条
[10:58:55] 第 89 页 15 条
[10:58:55] 已写入 1325 / 3698
[10:58:57] 第 90 页 15 条
[10:58:57] 已写入 1350 / 3698
[10:58:59] 第 91 页 15 条
[10:59:01] 第 92 页 15 条
[10:59:01] 已写入 1375 / 3698
[10:59:02] 第 93 页 15 条
[10:59:05] 第 94 页 15 条
[10:59:05] 已写入 1400 / 3698
[10:59:07] 第 95 页 15 条
[10:59:07] 已写入 1425 / 3698
[10:59:10] 第 96 页 15 条
[10:59:11] 第 97 页 15 条
[10:59:11] 已写入 1450 / 3698
[10:59:13] 第 98 页 15 条
[10:59:14] 第 99 页 15 条
[10:59:14] 已写入 1475 / 3698
[10:59:16] 第 100 页 15 条
[10:59:16] 已写入 1500 / 3698
[10:59:18] 第 101 页 15 条
[10:59:20] 第 102 页 15 条
[10:59:20] 已写入 1525 / 3698
[10:59:21] 第 103 页 15 条
[10:59:24] 第 104 页 15 条
[10:59:24] 已写入 1550 / 3698
[10:59:26] 第 105 页 15 条
[10:59:26] 已写入 1575 / 3698
[10:59:28] 第 106 页 15 条
[10:59:30] 第 107 页 15 条
[10:59:30] 已写入 1600 / 3698
[10:59:33] 第 108 页 15 条
[10:59:34] 第 109 页 15 条
[10:59:34] 已写入 1625 / 3698
[10:59:37] 第 110 页 15 条
[10:59:37] 已写入 1650 / 3698
[10:59:38] 第 111 页 15 条
[10:59:40] 第 112 页 15 条
[10:59:40] 已写入 1675 / 3698
[10:59:42] 第 113 页 15 条
[10:59:44] 第 114 页 15 条
[10:59:44] 已写入 1700 / 3698
[10:59:46] 第 115 页 15 条
[10:59:46] 已写入 1725 / 3698
[10:59:48] 第 116 页 15 条
[10:59:50] 第 117 页 15 条
[10:59:50] 已写入 1750 / 3698
[10:59:52] 第 118 页 15 条
[10:59:53] 第 119 页 15 条
[10:59:53] 已写入 1775 / 3698
[10:59:56] 第 120 页 15 条
[10:59:56] 已写入 1800 / 3698
[10:59:57] 第 121 页 15 条
[10:59:59] 第 122 页 15 条
[10:59:59] 已写入 1825 / 3698
[11:00:01] 第 123 页 15 条
[11:00:03] 第 124 页 15 条
[11:00:03] 已写入 1850 / 3698
[11:00:05] 第 125 页 15 条
[11:00:05] 已写入 1875 / 3698
[11:00:08] 第 126 页 15 条
[11:00:10] 第 127 页 15 条
[11:00:10] 已写入 1900 / 3698
[11:00:12] 第 128 页 15 条
[11:00:15] 第 129 页 15 条
[11:00:15] 已写入 1925 / 3698
[11:00:17] 第 130 页 15 条
[11:00:17] 已写入 1950 / 3698
[11:00:19] 第 131 页 15 条
[11:00:21] 第 132 页 15 条
[11:00:21] 已写入 1975 / 3698
[11:00:24] 第 133 页 15 条
[11:00:25] 第 134 页 15 条
[11:00:25] 已写入 2000 / 3698
[11:00:27] 第 135 页 15 条
[11:00:27] 已写入 2025 / 3698
[11:00:29] 第 136 页 15 条
[11:00:31] 第 137 页 15 条
[11:00:31] 已写入 2050 / 3698
[11:00:33] 第 138 页 15 条
[11:00:35] 第 139 页 15 条
[11:00:35] 已写入 2075 / 3698
[11:00:38] 第 140 页 15 条
[11:00:38] 已写入 2100 / 3698
[11:00:41] 第 141 页 15 条
[11:00:42] 第 142 页 15 条
[11:00:42] 已写入 2125 / 3698
[11:00:45] 第 143 页 15 条
[11:00:47] 第 144 页 15 条
[11:00:47] 已写入 2150 / 3698
[11:00:49] 第 145 页 15 条
[11:00:49] 已写入 2175 / 3698
[11:00:51] 第 146 页 15 条
[11:00:53] 第 147 页 15 条
[11:00:53] 已写入 2200 / 3698
[11:00:54] 第 148 页 15 条
[11:00:56] 第 149 页 15 条
[11:00:56] 已写入 2225 / 3698
[11:00:57] 第 150 页 15 条
[11:00:57] 已写入 2250 / 3698
[11:00:59] 第 151 页 15 条
[11:01:01] 第 152 页 15 条
[11:01:01] 已写入 2275 / 3698
[11:01:02] 第 153 页 15 条
[11:01:04] 第 154 页 15 条
[11:01:04] 已写入 2300 / 3698
[11:01:05] 第 155 页 15 条
[11:01:05] 已写入 2325 / 3698
[11:01:07] 第 156 页 15 条
[11:01:08] 第 157 页 15 条
[11:01:08] 已写入 2350 / 3698
[11:01:11] 第 158 页 15 条
[11:01:13] 第 159 页 15 条
[11:01:13] 已写入 2375 / 3698
[11:01:14] 第 160 页 15 条
[11:01:14] 已写入 2400 / 3698
[11:01:17] 第 161 页 15 条
[11:01:18] 第 162 页 15 条
[11:01:18] 已写入 2425 / 3698
[11:01:20] 第 163 页 15 条
[11:01:22] 第 164 页 15 条
[11:01:22] 已写入 2450 / 3698
[11:01:24] 第 165 页 15 条
[11:01:24] 已写入 2475 / 3698
[11:01:26] 第 166 页 15 条
[11:01:28] 第 167 页 15 条
[11:01:28] 已写入 2500 / 3698
[11:01:30] 第 168 页 15 条
[11:01:31] 第 169 页 15 条
[11:01:31] 已写入 2525 / 3698
[11:01:39] 第 170 页 15 条
[11:01:39] 已写入 2550 / 3698
[11:01:42] 第 171 页 15 条
[11:01:44] 第 172 页 15 条
[11:01:44] 已写入 2575 / 3698
[11:01:46] 第 173 页 15 条
[11:01:48] 第 174 页 15 条
[11:01:49] 已写入 2600 / 3698
[11:01:51] 第 175 页 15 条
[11:01:51] 已写入 2625 / 3698
[11:01:53] 第 176 页 15 条
[11:01:54] 第 177 页 15 条
[11:01:54] 已写入 2650 / 3698
[11:01:56] 第 178 页 15 条
[11:01:59] 第 179 页 15 条
[11:01:59] 已写入 2675 / 3698
[11:02:00] 第 180 页 15 条
[11:02:00] 已写入 2700 / 3698
[11:02:03] 第 181 页 15 条
[11:02:05] 第 182 页 15 条
[11:02:05] 已写入 2725 / 3698
[11:02:20] 第 183 页 15 条
[11:02:21] 第 184 页 15 条
[11:02:21] 已写入 2750 / 3698
[11:02:23] 第 185 页 15 条
[11:02:23] 已写入 2775 / 3698
[11:02:26] 第 186 页 15 条
[11:02:28] 第 187 页 15 条
[11:02:28] 已写入 2800 / 3698
[11:02:30] 第 188 页 15 条
[11:02:33] 第 189 页 15 条
[11:02:33] 已写入 2825 / 3698
[11:02:35] 第 190 页 15 条
[11:02:35] 已写入 2850 / 3698
[11:02:37] 第 191 页 15 条
[11:02:39] 第 192 页 15 条
[11:02:39] 已写入 2875 / 3698
[11:02:41] 第 193 页 15 条
[11:02:43] 第 194 页 15 条
[11:02:43] 已写入 2900 / 3698
[11:02:46] 第 195 页 15 条
[11:02:46] 已写入 2925 / 3698
[11:02:48] 第 196 页 15 条
[11:02:50] 第 197 页 15 条
[11:02:50] 已写入 2950 / 3698
[11:03:02] 第 198 页 15 条
[11:03:05] 第 199 页 15 条
[11:03:05] 已写入 2975 / 3698
[11:03:07] 第 200 页 15 条
[11:03:07] 已写入 3000 / 3698
[11:03:08] 第 201 页 15 条
[11:03:10] 第 202 页 15 条
[11:03:10] 已写入 3025 / 3698
[11:03:12] 第 203 页 15 条
[11:03:14] 第 204 页 15 条
[11:03:14] 已写入 3050 / 3698
[11:03:16] 第 205 页 15 条
[11:03:16] 已写入 3075 / 3698
[11:03:18] 第 206 页 15 条
[11:03:20] 第 207 页 15 条
[11:03:20] 已写入 3100 / 3698
[11:03:22] 第 208 页 15 条
[11:03:23] 第 209 页 15 条
[11:03:23] 已写入 3125 / 3698
[11:03:26] 第 210 页 15 条
[11:03:26] 已写入 3150 / 3698
[11:03:28] 第 211 页 15 条
[11:03:29] 第 212 页 15 条
[11:03:29] 已写入 3175 / 3698
[11:03:31] 第 213 页 15 条
[11:03:33] 第 214 页 15 条
[11:03:33] 已写入 3200 / 3698
[11:03:35] 第 215 页 15 条
[11:03:35] 已写入 3225 / 3698
[11:03:37] 第 216 页 15 条
[11:03:39] 第 217 页 15 条
[11:03:39] 已写入 3250 / 3698
[11:03:42] 第 218 页 15 条
[11:03:44] 第 219 页 15 条
[11:03:44] 已写入 3275 / 3698
[11:03:46] 第 220 页 15 条
[11:03:46] 已写入 3300 / 3698
[11:03:48] 第 221 页 15 条
[11:03:54] 第 222 页 15 条
[11:03:54] 已写入 3325 / 3698
[11:03:55] 第 223 页 15 条
[11:03:57] 第 224 页 15 条
[11:03:57] 已写入 3350 / 3698
[11:04:00] 第 225 页 15 条
[11:04:00] 已写入 3375 / 3698
[11:04:03] 第 226 页 15 条
[11:04:05] 第 227 页 15 条
[11:04:05] 已写入 3400 / 3698
[11:04:08] 第 228 页 15 条
[11:04:10] 第 229 页 15 条
[11:04:10] 已写入 3425 / 3698
[11:04:12] 第 230 页 15 条
[11:04:12] 已写入 3450 / 3698
[11:04:15] 第 231 页 15 条
[11:04:17] 第 232 页 15 条
[11:04:17] 已写入 3475 / 3698
[11:04:19] 第 233 页 15 条
[11:04:21] 第 234 页 15 条
[11:04:21] 已写入 3500 / 3698
[11:04:23] 第 235 页 15 条
[11:04:23] 已写入 3525 / 3698
[11:04:24] 第 236 页 15 条
[11:04:26] 第 237 页 15 条
[11:04:26] 已写入 3550 / 3698
[11:04:28] 第 238 页 15 条
[11:04:31] 第 239 页 15 条
[11:04:31] 已写入 3575 / 3698
[11:04:33] 第 240 页 15 条
[11:04:33] 已写入 3600 / 3698
[11:04:35] 第 241 页 15 条
[11:04:36] 第 242 页 15 条
[11:04:37] 已写入 3625 / 3698
[11:04:39] 第 243 页 15 条
[11:04:41] 第 244 页 15 条
[11:04:41] 已写入 3650 / 3698
[11:04:43] 第 245 页 15 条
[11:04:43] 已写入 3675 / 3698
[11:04:45] 第 246 页 15 条
[11:04:47] 第 247 页 8 条
[11:04:49] ==== 完成 ====
[11:04:49] 成功写入: 3698
[11:04:49] 失败清单: D:\dev\GitHub\project\pro_spiderdemo\output\jxsnynct-fzjz\failed.json
